main.c:145:6:setMenuValue	4	static
main.c:148:9:moveLeftRight	16	static
main.c:165:9:moveUpDown	16	static
main.c:180:6:displayMeasurements	8	static
main.c:206:6:updateScreen	8	static
main.c:269:6:initial_sineval	24	static
main.c:277:6:initial_dcVal	16	static
main.c:282:6:initial_pulseVal	16	static
main.c:289:6:SetMeasureState	4	static
main.c:316:6:setOutputOff	8	static
main.c:324:6:setOutputOn	16	static
main.c:342:6:RequestState	24	static
main.c:386:6:changeAmplitude	32	static
main.c:415:6:changeOffset	40	static
main.c:447:6:Freq_Get_Prescalar	16	static
main.c:458:6:changeFreq	16	static
main.c:472:6:changeDutyCycle	24	static
main.c:487:6:setSignalType	8	static
main.c:505:6:SetOutputType	8	static
main.c:548:6:HAL_UART_RxCpltCallback	24	static
main.c:615:6:debugLEDs	8	static
main.c:635:6:HAL_GPIO_EXTI_Callback	16	static
main.c:672:5:main	8	static
main.c:766:6:SystemClock_Config	160	static
main.c:810:13:MX_DAC1_Init	24	static
main.c:845:13:MX_TIM2_Init	40	static
main.c:887:13:MX_TIM3_Init	40	static
main.c:929:13:MX_USART2_UART_Init	8	static
main.c:960:13:MX_DMA_Init	16	static
main.c:977:13:MX_GPIO_Init	48	static
main.c:1084:6:Error_Handler	4	static
